// Jest Snapshot v1, https://goo.gl/fbAQLP

exports[`should render Page Component correctly 1`] = `
<div
  className="App"
>
  <Flights />
</div>
`;
